
Copyright (C) 1994-2021 Synopsys, Inc.
This Synopsys software and all associated documentation are proprietary to Synopsys, Inc.
and may only be used pursuant to the terms and conditions of a written license agreement
with Synopsys, Inc. All other use, reproduction, modification, or distribution of the
Synopsys software or the associated documentation is strictly prohibited.
Tool: HAPS (R) ProtoCompiler 100
Build: R-2020.12-SP1-1
Install: /usr/cadtool/csr5306/synopsys/protocomp/R-2020.12-SP1-1
OS: CentOS release 6.10 (Final)
Hostname: ws25
max virtual memory: unlimited (bytes)
max user processes: 1024
max stack size: 10485760 (bytes)


Database state : /home/course/csr530605/HAPS/lab/finalProject/RCPU/|pp0

# Written on Thu Apr 13 12:03:18 2023

##### DESIGN INFO #######################################################

Top View:                "top"
Constraint File(s):      "/home/course/csr530605/HAPS/lab/finalProject/top_ucdb/cclock_map.tcl"
                         "/home/course/csr530605/HAPS/lab/finalProject/design.fdc"




##### SUMMARY ############################################################

Found 0 issues in 0 out of 1 constraints


##### DETAILS ############################################################



Clock Relationships
*******************

Starting     Ending     |     rise to rise     |     fall to fall     |     rise to fall     |     fall to rise                     
-----------------------------------------------------------------------------------------------------------------------------------
System       System     |     1000.000         |     No paths         |     No paths         |     No paths                         
===================================================================================================================================
 Note: 'No paths' indicates there are no paths in the design for that pair of clock edges.
       'Diff grp' indicates that paths exist but the starting clock and ending clock are in different clock groups.


Unconstrained Start/End Points
******************************

p:AddrIn[0]
p:AddrIn[1]
p:AddrIn[2]
p:AddrIn[3]
p:AddrIn[4]
p:AddrIn[5]
p:AddrIn[6]
p:AddrIn[7]
p:AddrIn[8]
p:AddrIn[9]
p:AddrIn[10]
p:AddrIn[11]
p:AddrIn[12]
p:AddrIn[13]
p:AddrIn[14]
p:AddrIn[15]
p:AddrIn[16]
p:AddrIn[17]
p:AddrIn[18]
p:AddrIn[19]
p:AddrIn[20]
p:AddrIn[21]
p:AddrIn[22]
p:AddrIn[23]
p:AddrIn[24]
p:AddrIn[25]
p:AddrIn[26]
p:AddrIn[27]
p:AddrIn[28]
p:AddrIn[29]
p:AddrIn[30]
p:AddrIn[31]
p:AddrOut[0]
p:AddrOut[1]
p:AddrOut[2]
p:AddrOut[3]
p:AddrOut[4]
p:AddrOut[5]
p:AddrOut[6]
p:AddrOut[7]
p:AddrOut[8]
p:AddrOut[9]
p:AddrOut[10]
p:AddrOut[11]
p:AddrOut[12]
p:AddrOut[13]
p:AddrOut[14]
p:AddrOut[15]
p:AddrOut[16]
p:AddrOut[17]
p:AddrOut[18]
p:AddrOut[19]
p:AddrOut[20]
p:AddrOut[21]
p:AddrOut[22]
p:AddrOut[23]
p:AddrOut[24]
p:AddrOut[25]
p:AddrOut[26]
p:AddrOut[27]
p:AddrOut[28]
p:AddrOut[29]
p:AddrOut[30]
p:AddrOut[31]
p:reset_n


Inapplicable constraints
************************

(none)


Applicable constraints with issues
**********************************

(none)


Constraints with matching wildcard expressions
**********************************************

(none)


Library Report
**************


# End of Constraint Checker Report
